
floader.abs:     file format elf32-littletc32
floader.abs
architecture: tc32, flags 0x00000112:
EXEC_P, HAS_SYMS, D_PAGED
start address 0x00000000

Program Header:
    LOAD off    0x00008000 vaddr 0x00000000 paddr 0x00000000 align 2**15
         filesz 0x00000758 memsz 0x00000758 flags r-x
    LOAD off    0x00009800 vaddr 0x00809800 paddr 0x00809800 align 2**15
         filesz 0x00000000 memsz 0x00000b28 flags rw-
private flags = 0: [APCS-32] [FPA float format]

Sections:
Idx Name          Size      VMA       LMA       File off  Algn
  0 .vectors      000000d8  00000000  00000000  00008000  2**2
                  CONTENTS, ALLOC, LOAD, READONLY, CODE
  1 .ram_code     00000668  000000d8  000000d8  000080d8  2**2
                  CONTENTS, ALLOC, LOAD, READONLY, CODE
  2 .rodata       00000018  00000740  00000740  00008740  2**2
                  CONTENTS, ALLOC, LOAD, READONLY, DATA
  3 .bss          00000b28  00809800  00809800  00009800  2**4
                  ALLOC
  4 .comment      0000001a  00000000  00000000  00008758  2**0
                  CONTENTS, READONLY
  5 .TC32.attributes 00000010  00000000  00000000  00008772  2**0
                  CONTENTS, READONLY
SYMBOL TABLE:
00000000 l    d  .vectors	00000000 .vectors
000000d8 l    d  .ram_code	00000000 .ram_code
00000740 l    d  .rodata	00000000 .rodata
00809800 l    d  .bss	00000000 .bss
00000000 l    d  .comment	00000000 .comment
00000000 l    d  .TC32.attributes	00000000 .TC32.attributes
0000001f l       *ABS*	00000000 MODE_BITS
00000012 l       *ABS*	00000000 IRQ_MODE
00000013 l       *ABS*	00000000 SVC_MODE
00000100 l       *ABS*	00000000 IRQ_STK_SIZE
00000094 l       .vectors	00000000 DAT0
000000cc l       .vectors	00000000 FLL_D
00000036 l       .vectors	00000000 FLL_STK
00000040 l       .vectors	00000000 FLL_STK_END
00000056 l       .vectors	00000000 ZERO
00000060 l       .vectors	00000000 ZERO_END
00000064 l       .vectors	00000000 ZERO_TAG
0000006e l       .vectors	00000000 ZERO_TAG_END
0000006e l       .vectors	00000000 SETIC
000000c0 l       .vectors	00000000 DATA_I
0000007e l       .vectors	00000000 COPY_DATA
0000008c l       .vectors	00000000 COPY_DATA_END
00000090 l       .vectors	00000000 END
00809800 l     O .bss	00000100 irq_stk
000000bc l       .vectors	00000000 DAT1
000000d8 l       .vectors	00000000 ASMEND
00000000 l    df *ABS*	00000000 main.c
00000000 l    df *ABS*	00000000 crc.c
00000000 l    df *ABS*	00000000 sleep.c
00000000 l    df *ABS*	00000000 analog.c
00000000 l    df *ABS*	00000000 flash.c
00000534 l     F .ram_code	00000040 flash_send_addr
00000574 l     F .ram_code	0000002c flash_send_cmd
000005a0 l     F .ram_code	00000044 flash_wait_done
0080a328 g       *ABS*	00000000 _end_bss_
0000000f g       *ABS*	00000000 __LOAD_RAM
00000688 g     F .ram_code	00000060 flash_read_page
00000020 g       .vectors	00000000 __reset
000005e4 g     F .ram_code	00000028 flash_erase_all
00809800 g       .rodata	00000000 _end_data_
00809900 g     O .bss	00000004 MCU_PROD_ID
00809800 g       .bss	00000000 _start_bss_
0000063c g     F .ram_code	0000004c flash_write_page
00000000 g       .vectors	00000000 __start
000000d8 g     F .ram_code	0000002c flash_write_sector
00809800 g       .rodata	00000000 _start_data_
000004c8 g     F .ram_code	00000014 sleep_us
00809904 g     O .bss	00000410 utxb
000003fc g     F .ram_code	00000050 crcInit
00809d14 g     O .bss	00000004 MCU_PROD__ID
00000104 g     F .ram_code	000002f8 main
00000508 g     F .ram_code	0000002c analog_write
000004dc g     F .ram_code	0000002c analog_read
0000044c g     F .ram_code	0000007c crcFast
0080a128 g     O .bss	00000200 crcTable
00000758 g       *ABS*	00000000 _dstored_
00809d18 g     O .bss	00000410 urxb
0000060c g     F .ram_code	00000030 flash_erase_sector
000006e8 g     F .ram_code	00000058 flash_get_jedec_id



Disassembly of section .vectors:

00000000 <__start>:
   0:	800e      	tj.n	20 <__reset>
   2:	82671234 	trsubhi	r1, r7, #1073741827	; 0x40000003
   6:	4e4b8266 	undefined instruction 0x4e4b8266
   a:	0100544c 	tnandeq	r0, ip, asr #8
   e:	80060088 	tandhi	r0, r6, r8, lsl #1
	...

00000020 <__reset>:
  20:	081c      	tloadr	r0, [pc, #112]	; (94 <DAT0>)
  22:	6bc0      	tmcsr	r0
  24:	081d      	tloadr	r0, [pc, #116]	; (9c <DAT0+0x8>)
  26:	0685      	tmov	sp, r0
  28:	081b      	tloadr	r0, [pc, #108]	; (98 <DAT0+0x4>)
  2a:	6bc0      	tmcsr	r0
  2c:	081c      	tloadr	r0, [pc, #112]	; (a0 <DAT0+0xc>)
  2e:	0685      	tmov	sp, r0
  30:	0826      	tloadr	r0, [pc, #152]	; (cc <FLL_D>)
  32:	0927      	tloadr	r1, [pc, #156]	; (d0 <FLL_D+0x4>)
  34:	0a27      	tloadr	r2, [pc, #156]	; (d4 <FLL_D+0x8>)

00000036 <FLL_STK>:
  36:	0291      	tcmp	r1, r2
  38:	ca02      	tjge.n	40 <FLL_STK_END>
  3a:	5008      	tstorer	r0, [r1, #0]
  3c:	b104      	tadds	r1, #4
  3e:	87fa      	tj.n	36 <FLL_STK>

00000040 <FLL_STK_END>:
  40:	0814      	tloadr	r0, [pc, #80]	; (94 <DAT0>)
  42:	6bc0      	tmcsr	r0
  44:	0815      	tloadr	r0, [pc, #84]	; (9c <DAT0+0x8>)
  46:	0685      	tmov	sp, r0
  48:	0813      	tloadr	r0, [pc, #76]	; (98 <DAT0+0x4>)
  4a:	6bc0      	tmcsr	r0
  4c:	0814      	tloadr	r0, [pc, #80]	; (a0 <DAT0+0xc>)
  4e:	0685      	tmov	sp, r0
  50:	a000      	tmovs	r0, #0
  52:	0914      	tloadr	r1, [pc, #80]	; (a4 <DAT0+0x10>)
  54:	0a14      	tloadr	r2, [pc, #80]	; (a8 <DAT0+0x14>)

00000056 <ZERO>:
  56:	0291      	tcmp	r1, r2
  58:	ca02      	tjge.n	60 <ZERO_END>
  5a:	5008      	tstorer	r0, [r1, #0]
  5c:	b104      	tadds	r1, #4
  5e:	87fa      	tj.n	56 <ZERO>

00000060 <ZERO_END>:
  60:	0913      	tloadr	r1, [pc, #76]	; (b0 <DAT0+0x1c>)
  62:	0a14      	tloadr	r2, [pc, #80]	; (b4 <DAT0+0x20>)

00000064 <ZERO_TAG>:
  64:	0291      	tcmp	r1, r2
  66:	ca02      	tjge.n	6e <SETIC>
  68:	5008      	tstorer	r0, [r1, #0]
  6a:	b104      	tadds	r1, #4
  6c:	87fa      	tj.n	64 <ZERO_TAG>

0000006e <SETIC>:
  6e:	090f      	tloadr	r1, [pc, #60]	; (ac <DAT0+0x18>)
  70:	a00f      	tmovs	r0, #15
  72:	4008      	tstorerb	r0, [r1, #0]
  74:	a010      	tmovs	r0, #16
  76:	4048      	tstorerb	r0, [r1, #1]
  78:	0911      	tloadr	r1, [pc, #68]	; (c0 <DATA_I>)
  7a:	0a12      	tloadr	r2, [pc, #72]	; (c4 <DATA_I+0x4>)
  7c:	0b12      	tloadr	r3, [pc, #72]	; (c8 <DATA_I+0x8>)

0000007e <COPY_DATA>:
  7e:	029a      	tcmp	r2, r3
  80:	ca04      	tjge.n	8c <COPY_DATA_END>
  82:	5808      	tloadr	r0, [r1, #0]
  84:	5010      	tstorer	r0, [r2, #0]
  86:	b104      	tadds	r1, #4
  88:	b204      	tadds	r2, #4
  8a:	87f8      	tj.n	7e <COPY_DATA>

0000008c <COPY_DATA_END>:
  8c:	9000 983a 	tjl	104 <main>

00000090 <END>:
  90:	87fe      	tj.n	90 <END>
  92:	46c0      	tnop			; (mov r8, r8)

00000094 <DAT0>:
  94:	00000012 	tandeq	r0, r0, r2, lsl r0
  98:	00000013 	tandeq	r0, r0, r3, lsl r0
  9c:	00809900 	taddeq	r9, r0, r0, lsl #18
  a0:	0080c000 	taddeq	ip, r0, r0
  a4:	00809800 	taddeq	r9, r0, r0, lsl #16
  a8:	0080a328 	taddeq	sl, r0, r8, lsr #6
  ac:	0080060c 	taddeq	r0, r0, ip, lsl #12
  b0:	00808f00 	taddeq	r8, r0, r0, lsl #30
  b4:	00809000 	taddeq	r9, r0, r0
  b8:	00800643 	taddeq	r0, r0, r3, asr #12

000000bc <DAT1>:
  bc:	00800643 	taddeq	r0, r0, r3, asr #12

000000c0 <DATA_I>:
  c0:	00000758 	tandeq	r0, r0, r8, asr r7
  c4:	00809800 	taddeq	r9, r0, r0, lsl #16
  c8:	00809800 	taddeq	r9, r0, r0, lsl #16

000000cc <FLL_D>:
  cc:	ffffffff 	undefined instruction 0xffffffff
  d0:	00809800 	taddeq	r9, r0, r0, lsl #16
  d4:	0080c000 	taddeq	ip, r0, r0

Disassembly of section .ram_code:

000000d8 <flash_write_sector>:
flash_write_sector():
  d8:	65f0      	tpush	{r4, r5, r6, r7, lr}
  da:	ec07      	tadds	r7, r0, #0
  dc:	ec0d      	tadds	r5, r1, #0
  de:	ec16      	tadds	r6, r2, #0
  e0:	a900      	tcmp	r1, #0
  e2:	c00e      	tjeq.n	102 <IRQ_STK_SIZE+0x2>
  e4:	a480      	tmovs	r4, #128	; 0x80
  e6:	f064      	tshftls	r4, r4, #1
  e8:	02ac      	tcmp	r4, r5
  ea:	c900      	tjls.n	ee <flash_write_sector+0x16>
  ec:	ec2c      	tadds	r4, r5, #0
  ee:	ec38      	tadds	r0, r7, #0
  f0:	ec21      	tadds	r1, r4, #0
  f2:	ec32      	tadds	r2, r6, #0
  f4:	9000 9aa2 	tjl	63c <flash_write_page>
  f8:	e93f      	tadds	r7, r7, r4
  fa:	e936      	tadds	r6, r6, r4
  fc:	eb2d      	tsubs	r5, r5, r4
  fe:	ad00      	tcmp	r5, #0
 100:	c1f2      	tjne.n	e8 <flash_write_sector+0x10>
 102:	6df0      	tpop	{r4, r5, r6, r7, pc}

00000104 <main>:
main():
 104:	65f0      	tpush	{r4, r5, r6, r7, lr}
 106:	065f      	tmov	r7, fp
 108:	0656      	tmov	r6, sl
 10a:	064d      	tmov	r5, r9
 10c:	0644      	tmov	r4, r8
 10e:	64f0      	tpush	{r4, r5, r6, r7}
 110:	6082      	tsub	sp, #8
 112:	a300      	tmovs	r3, #0
 114:	0a9f      	tloadr	r2, [pc, #636]	; (394 <main+0x290>)
 116:	4013      	tstorerb	r3, [r2, #0]
 118:	089f      	tloadr	r0, [pc, #636]	; (398 <main+0x294>)
 11a:	4003      	tstorerb	r3, [r0, #0]
 11c:	0a9f      	tloadr	r2, [pc, #636]	; (39c <main+0x298>)
 11e:	4013      	tstorerb	r3, [r2, #0]
 120:	b201      	tadds	r2, #1
 122:	4013      	tstorerb	r3, [r2, #0]
 124:	a2ff      	tmovs	r2, #255	; 0xff
 126:	099e      	tloadr	r1, [pc, #632]	; (3a0 <main+0x29c>)
 128:	400a      	tstorerb	r2, [r1, #0]
 12a:	b101      	tadds	r1, #1
 12c:	400a      	tstorerb	r2, [r1, #0]
 12e:	0c9d      	tloadr	r4, [pc, #628]	; (3a4 <main+0x2a0>)
 130:	4022      	tstorerb	r2, [r4, #0]
 132:	a2b1      	tmovs	r2, #177	; 0xb1
 134:	f612      	tshftls	r2, r2, #24
 136:	5002      	tstorer	r2, [r0, #0]
 138:	0a9b      	tloadr	r2, [pc, #620]	; (3a8 <main+0x2a4>)
 13a:	500a      	tstorer	r2, [r1, #0]
 13c:	0a9b      	tloadr	r2, [pc, #620]	; (3ac <main+0x2a8>)
 13e:	4013      	tstorerb	r3, [r2, #0]
 140:	a401      	tmovs	r4, #1
 142:	a201      	tmovs	r2, #1
 144:	0b9a      	tloadr	r3, [pc, #616]	; (3b0 <main+0x2ac>)
 146:	401a      	tstorerb	r2, [r3, #0]
 148:	9000 9958 	tjl	3fc <crcInit>
 14c:	0a99      	tloadr	r2, [pc, #612]	; (3b4 <main+0x2b0>)
 14e:	0b9a      	tloadr	r3, [pc, #616]	; (3b8 <main+0x2b4>)
 150:	501a      	tstorer	r2, [r3, #0]
 152:	a3bc      	tmovs	r3, #188	; 0xbc
 154:	f05b      	tshftls	r3, r3, #1
 156:	0a99      	tloadr	r2, [pc, #612]	; (3bc <main+0x2b8>)
 158:	2013      	tstorerh	r3, [r2, #0]
 15a:	0999      	tloadr	r1, [pc, #612]	; (3c0 <main+0x2bc>)
 15c:	0689      	tmov	r9, r1
 15e:	f40b      	tshftls	r3, r1, #16
 160:	fc1b      	tshftrs	r3, r3, #16
 162:	0a98      	tloadr	r2, [pc, #608]	; (3c4 <main+0x2c0>)
 164:	031a      	tors	r2, r3
 166:	0b98      	tloadr	r3, [pc, #608]	; (3c8 <main+0x2c4>)
 168:	501a      	tstorer	r2, [r3, #0]
 16a:	0a98      	tloadr	r2, [pc, #608]	; (3cc <main+0x2c8>)
 16c:	0690      	tmov	r8, r2
 16e:	f412      	tshftls	r2, r2, #16
 170:	fc12      	tshftrs	r2, r2, #16
 172:	a382      	tmovs	r3, #130	; 0x82
 174:	f3db      	tshftls	r3, r3, #15
 176:	0313      	tors	r3, r2
 178:	0a95      	tloadr	r2, [pc, #596]	; (3d0 <main+0x2cc>)
 17a:	5013      	tstorer	r3, [r2, #0]
 17c:	0b95      	tloadr	r3, [pc, #596]	; (3d4 <main+0x2d0>)
 17e:	481b      	tloadrb	r3, [r3, #0]
 180:	ab25      	tcmp	r3, #37	; 0x25
 182:	c100      	tjne.n	186 <main+0x82>
 184:	8093      	tj.n	2ae <main+0x1aa>
 186:	a00f      	tmovs	r0, #15
 188:	9000 99a8 	tjl	4dc <analog_read>
 18c:	a30f      	tmovs	r3, #15
 18e:	ec01      	tadds	r1, r0, #0
 190:	0399      	tbclrs	r1, r3
 192:	a304      	tmovs	r3, #4
 194:	0319      	tors	r1, r3
 196:	f609      	tshftls	r1, r1, #24
 198:	fe09      	tshftrs	r1, r1, #24
 19a:	a00f      	tmovs	r0, #15
 19c:	9000 99b4 	tjl	508 <analog_write>
 1a0:	0b8d      	tloadr	r3, [pc, #564]	; (3d8 <main+0x2d4>)
 1a2:	481a      	tloadrb	r2, [r3, #0]
 1a4:	0322      	tors	r2, r4
 1a6:	f612      	tshftls	r2, r2, #24
 1a8:	fe12      	tshftrs	r2, r2, #24
 1aa:	401a      	tstorerb	r2, [r3, #0]
 1ac:	b308      	tadds	r3, #8
 1ae:	481a      	tloadrb	r2, [r3, #0]
 1b0:	a10c      	tmovs	r1, #12
 1b2:	038a      	tbclrs	r2, r1
 1b4:	401a      	tstorerb	r2, [r3, #0]
 1b6:	b31c      	tadds	r3, #28
 1b8:	4819      	tloadrb	r1, [r3, #0]
 1ba:	a20c      	tmovs	r2, #12
 1bc:	0311      	tors	r1, r2
 1be:	f609      	tshftls	r1, r1, #24
 1c0:	fe09      	tshftrs	r1, r1, #24
 1c2:	4019      	tstorerb	r1, [r3, #0]
 1c4:	bb21      	tsubs	r3, #33	; 0x21
 1c6:	4819      	tloadrb	r1, [r3, #0]
 1c8:	030a      	tors	r2, r1
 1ca:	f612      	tshftls	r2, r2, #24
 1cc:	fe12      	tshftrs	r2, r2, #24
 1ce:	401a      	tstorerb	r2, [r3, #0]
 1d0:	0b82      	tloadr	r3, [pc, #520]	; (3dc <main+0x2d8>)
 1d2:	3300      	tstorer	r3, [sp, #0]
 1d4:	a105      	tmovs	r1, #5
 1d6:	ec0a      	tadds	r2, r1, #0
 1d8:	0442      	tadd	r2, r8
 1da:	3201      	tstorer	r2, [sp, #4]
 1dc:	0d80      	tloadr	r5, [pc, #512]	; (3e0 <main+0x2dc>)
 1de:	a402      	tmovs	r4, #2
 1e0:	0e80      	tloadr	r6, [pc, #512]	; (3e4 <main+0x2e0>)
 1e2:	a701      	tmovs	r7, #1
 1e4:	06ca      	tmov	sl, r9
 1e6:	a303      	tmovs	r3, #3
 1e8:	069b      	tmov	fp, r3
 1ea:	482b      	tloadrb	r3, [r5, #0]
 1ec:	0023      	tands	r3, r4
 1ee:	c1fc      	tjne.n	1ea <main+0xe6>
 1f0:	4832      	tloadrb	r2, [r6, #0]
 1f2:	0217      	tnand	r7, r2
 1f4:	c0f9      	tjeq.n	1ea <main+0xe6>
 1f6:	0641      	tmov	r1, r8
 1f8:	500b      	tstorer	r3, [r1, #0]
 1fa:	064a      	tmov	r2, r9
 1fc:	5813      	tloadr	r3, [r2, #0]
 1fe:	ab05      	tcmp	r3, #5
 200:	c81f      	tjhi.n	242 <main+0x13e>
 202:	065a      	tmov	r2, fp
 204:	4032      	tstorerb	r2, [r6, #0]
 206:	0641      	tmov	r1, r8
 208:	580b      	tloadr	r3, [r1, #0]
 20a:	ab00      	tcmp	r3, #0
 20c:	c0ed      	tjeq.n	1ea <main+0xe6>
 20e:	0640      	tmov	r0, r8
 210:	d802      	tloadm	r0!, {r1}
 212:	9000 991b 	tjl	44c <crcFast>
 216:	0642      	tmov	r2, r8
 218:	5813      	tloadr	r3, [r2, #0]
 21a:	ec1a      	tadds	r2, r3, #0
 21c:	0442      	tadd	r2, r8
 21e:	4110      	tstorerb	r0, [r2, #4]
 220:	b301      	tadds	r3, #1
 222:	0641      	tmov	r1, r8
 224:	500b      	tstorer	r3, [r1, #0]
 226:	580b      	tloadr	r3, [r1, #0]
 228:	ec1a      	tadds	r2, r3, #0
 22a:	0442      	tadd	r2, r8
 22c:	fa00      	tshftrs	r0, r0, #8
 22e:	4110      	tstorerb	r0, [r2, #4]
 230:	b301      	tadds	r3, #1
 232:	500b      	tstorer	r3, [r1, #0]
 234:	482b      	tloadrb	r3, [r5, #0]
 236:	a202      	tmovs	r2, #2
 238:	0313      	tors	r3, r2
 23a:	f61b      	tshftls	r3, r3, #24
 23c:	fe1b      	tshftrs	r3, r3, #24
 23e:	402b      	tstorerb	r3, [r5, #0]
 240:	87d3      	tj.n	1ea <main+0xe6>
 242:	0651      	tmov	r1, sl
 244:	580b      	tloadr	r3, [r1, #0]
 246:	bb02      	tsubs	r3, #2
 248:	500b      	tstorer	r3, [r1, #0]
 24a:	a304      	tmovs	r3, #4
 24c:	0642      	tmov	r2, r8
 24e:	5013      	tstorer	r3, [r2, #0]
 250:	584b      	tloadr	r3, [r1, #4]
 252:	5053      	tstorer	r3, [r2, #4]
 254:	5809      	tloadr	r1, [r1, #0]
 256:	0864      	tloadr	r0, [pc, #400]	; (3e8 <main+0x2e4>)
 258:	9000 98f8 	tjl	44c <crcFast>
 25c:	0651      	tmov	r1, sl
 25e:	580b      	tloadr	r3, [r1, #0]
 260:	0453      	tadd	r3, sl
 262:	491a      	tloadrb	r2, [r3, #4]
 264:	f603      	tshftls	r3, r0, #24
 266:	fe1b      	tshftrs	r3, r3, #24
 268:	029a      	tcmp	r2, r3
 26a:	c007      	tjeq.n	27c <main+0x178>
 26c:	0643      	tmov	r3, r8
 26e:	491a      	tloadrb	r2, [r3, #4]
 270:	a340      	tmovs	r3, #64	; 0x40
 272:	025b      	tnegs	r3, r3
 274:	0313      	tors	r3, r2
 276:	0641      	tmov	r1, r8
 278:	410b      	tstorerb	r3, [r1, #4]
 27a:	87c2      	tj.n	202 <main+0xfe>
 27c:	580b      	tloadr	r3, [r1, #0]
 27e:	0453      	tadd	r3, sl
 280:	f400      	tshftls	r0, r0, #16
 282:	fe00      	tshftrs	r0, r0, #24
 284:	495b      	tloadrb	r3, [r3, #5]
 286:	0298      	tcmp	r0, r3
 288:	c1f0      	tjne.n	26c <main+0x168>
 28a:	0652      	tmov	r2, sl
 28c:	5850      	tloadr	r0, [r2, #4]
 28e:	fa00      	tshftrs	r0, r0, #8
 290:	4913      	tloadrb	r3, [r2, #4]
 292:	ab05      	tcmp	r3, #5
 294:	c907      	tjls.n	2a6 <main+0x1a2>
 296:	0643      	tmov	r3, r8
 298:	491a      	tloadrb	r2, [r3, #4]
 29a:	a380      	tmovs	r3, #128	; 0x80
 29c:	025b      	tnegs	r3, r3
 29e:	0313      	tors	r3, r2
 2a0:	0641      	tmov	r1, r8
 2a2:	410b      	tstorerb	r3, [r1, #4]
 2a4:	87ad      	tj.n	202 <main+0xfe>
 2a6:	f09b      	tshftls	r3, r3, #2
 2a8:	3900      	tloadr	r1, [sp, #0]
 2aa:	18cb      	tloadr	r3, [r1, r3]
 2ac:	069f      	tmov	pc, r3
 2ae:	a010      	tmovs	r0, #16
 2b0:	9000 9914 	tjl	4dc <analog_read>
 2b4:	a30f      	tmovs	r3, #15
 2b6:	ec01      	tadds	r1, r0, #0
 2b8:	0399      	tbclrs	r1, r3
 2ba:	a304      	tmovs	r3, #4
 2bc:	0319      	tors	r1, r3
 2be:	f609      	tshftls	r1, r1, #24
 2c0:	fe09      	tshftrs	r1, r1, #24
 2c2:	a010      	tmovs	r0, #16
 2c4:	9000 9920 	tjl	508 <analog_write>
 2c8:	0b48      	tloadr	r3, [pc, #288]	; (3ec <main+0x2e8>)
 2ca:	481a      	tloadrb	r2, [r3, #0]
 2cc:	0322      	tors	r2, r4
 2ce:	f612      	tshftls	r2, r2, #24
 2d0:	fe12      	tshftrs	r2, r2, #24
 2d2:	401a      	tstorerb	r2, [r3, #0]
 2d4:	b310      	tadds	r3, #16
 2d6:	4819      	tloadrb	r1, [r3, #0]
 2d8:	a23f      	tmovs	r2, #63	; 0x3f
 2da:	0011      	tands	r1, r2
 2dc:	4019      	tstorerb	r1, [r3, #0]
 2de:	b31c      	tadds	r3, #28
 2e0:	4819      	tloadrb	r1, [r3, #0]
 2e2:	000a      	tands	r2, r1
 2e4:	401a      	tstorerb	r2, [r3, #0]
 2e6:	0a42      	tloadr	r2, [pc, #264]	; (3f0 <main+0x2ec>)
 2e8:	4811      	tloadrb	r1, [r2, #0]
 2ea:	a340      	tmovs	r3, #64	; 0x40
 2ec:	025b      	tnegs	r3, r3
 2ee:	030b      	tors	r3, r1
 2f0:	f61b      	tshftls	r3, r3, #24
 2f2:	fe1b      	tshftrs	r3, r3, #24
 2f4:	4013      	tstorerb	r3, [r2, #0]
 2f6:	876b      	tj.n	1d0 <main+0xcc>
 2f8:	a800      	tcmp	r0, #0
 2fa:	c009      	tjeq.n	310 <main+0x20c>
 2fc:	0641      	tmov	r1, r8
 2fe:	490a      	tloadrb	r2, [r1, #4]
 300:	a380      	tmovs	r3, #128	; 0x80
 302:	025b      	tnegs	r3, r3
 304:	0313      	tors	r3, r2
 306:	410b      	tstorerb	r3, [r1, #4]
 308:	877b      	tj.n	202 <main+0xfe>
 30a:	9000 997f 	tjl	60c <flash_erase_sector>
 30e:	8778      	tj.n	202 <main+0xfe>
 310:	9000 9968 	tjl	5e4 <flash_erase_all>
 314:	8775      	tj.n	202 <main+0xfe>
 316:	0649      	tmov	r1, r9
 318:	580b      	tloadr	r3, [r1, #0]
 31a:	ab04      	tcmp	r3, #4
 31c:	c0ee      	tjeq.n	2fc <main+0x1f8>
 31e:	0653      	tmov	r3, sl
 320:	581a      	tloadr	r2, [r3, #0]
 322:	0b34      	tloadr	r3, [pc, #208]	; (3f4 <main+0x2f0>)
 324:	029a      	tcmp	r2, r3
 326:	c8e9      	tjhi.n	2fc <main+0x1f8>
 328:	0652      	tmov	r2, sl
 32a:	5811      	tloadr	r1, [r2, #0]
 32c:	b904      	tsubs	r1, #4
 32e:	a308      	tmovs	r3, #8
 330:	ec1a      	tadds	r2, r3, #0
 332:	0452      	tadd	r2, sl
 334:	97ff 9ed0 	tjl	d8 <flash_write_sector>
 338:	8763      	tj.n	202 <main+0xfe>
 33a:	064a      	tmov	r2, r9
 33c:	5813      	tloadr	r3, [r2, #0]
 33e:	ab04      	tcmp	r3, #4
 340:	c005      	tjeq.n	34e <main+0x24a>
 342:	a380      	tmovs	r3, #128	; 0x80
 344:	f0db      	tshftls	r3, r3, #3
 346:	0651      	tmov	r1, sl
 348:	290a      	tloadrh	r2, [r1, #8]
 34a:	029a      	tcmp	r2, r3
 34c:	c903      	tjls.n	356 <main+0x252>
 34e:	a380      	tmovs	r3, #128	; 0x80
 350:	f0db      	tshftls	r3, r3, #3
 352:	064a      	tmov	r2, r9
 354:	2113      	tstorerh	r3, [r2, #8]
 356:	064b      	tmov	r3, r9
 358:	2919      	tloadrh	r1, [r3, #8]
 35a:	ed0b      	tadds	r3, r1, #4
 35c:	0642      	tmov	r2, r8
 35e:	5013      	tstorer	r3, [r2, #0]
 360:	a308      	tmovs	r3, #8
 362:	ec1a      	tadds	r2, r3, #0
 364:	0442      	tadd	r2, r8
 366:	9000 998f 	tjl	688 <flash_read_page>
 36a:	874a      	tj.n	202 <main+0xfe>
 36c:	064a      	tmov	r2, r9
 36e:	4953      	tloadrb	r3, [r2, #5]
 370:	ab01      	tcmp	r3, #1
 372:	c00a      	tjeq.n	38a <main+0x286>
 374:	0643      	tmov	r3, r8
 376:	415c      	tstorerb	r4, [r3, #5]
 378:	0b16      	tloadr	r3, [pc, #88]	; (3d4 <main+0x2d0>)
 37a:	281b      	tloadrh	r3, [r3, #0]
 37c:	0641      	tmov	r1, r8
 37e:	20cb      	tstorerh	r3, [r1, #6]
 380:	873f      	tj.n	202 <main+0xfe>
 382:	3801      	tloadr	r0, [sp, #4]
 384:	9000 99b0 	tjl	6e8 <flash_get_jedec_id>
 388:	873b      	tj.n	202 <main+0xfe>
 38a:	a220      	tmovs	r2, #32
 38c:	0b1a      	tloadr	r3, [pc, #104]	; (3f8 <main+0x2f4>)
 38e:	401a      	tstorerb	r2, [r3, #0]
 390:	8737      	tj.n	202 <main+0xfe>
 392:	46c0      	tnop			; (mov r8, r8)
 394:	00800643 	taddeq	r0, r0, r3, asr #12
 398:	00800060 	taddeq	r0, r0, r0, rrx
 39c:	00800061 	taddeq	r0, r0, r1, rrx
 3a0:	00800063 	taddeq	r0, r0, r3, rrx
 3a4:	00800065 	taddeq	r0, r0, r5, rrx
 3a8:	0006100d 	tandeq	r1, r6, sp
 3ac:	00800070 	taddeq	r0, r0, r0, ror r0
 3b0:	0080074f 	taddeq	r0, r0, pc, asr #14
 3b4:	1039800d 	txorsne	r8, r9, sp
 3b8:	00800094 	umulleq	r0, r0, r4, r0
 3bc:	0080009a 	umulleq	r0, r0, sl, r0
 3c0:	00809d18 	taddeq	r9, r0, r8, lsl sp
 3c4:	01410000 	tcmpeq	r1, r0
 3c8:	00800500 	taddeq	r0, r0, r0, lsl #10
 3cc:	00809904 	taddeq	r9, r0, r4, lsl #18
 3d0:	00800504 	taddeq	r0, r0, r4, lsl #10
 3d4:	0080007e 	taddeq	r0, r0, lr, ror r0
 3d8:	0080058e 	taddeq	r0, r0, lr, lsl #11
 3dc:	00000740 	tandeq	r0, r0, r0, asr #14
 3e0:	00800524 	taddeq	r0, r0, r4, lsr #10
 3e4:	00800526 	taddeq	r0, r0, r6, lsr #10
 3e8:	00809d1c 	taddeq	r9, r0, ip, lsl sp
 3ec:	00800586 	taddeq	r0, r0, r6, lsl #11
 3f0:	00800591 	umulleq	r0, r0, r1, r5
 3f4:	00000404 	tandeq	r0, r0, r4, lsl #8
 3f8:	0080006f 	taddeq	r0, r0, pc, rrx

000003fc <crcInit>:
crcInit():
 3fc:	6570      	tpush	{r4, r5, r6, lr}
 3fe:	0c11      	tloadr	r4, [pc, #68]	; (444 <crcInit+0x48>)
 400:	a000      	tmovs	r0, #0
 402:	0d11      	tloadr	r5, [pc, #68]	; (448 <crcInit+0x4c>)
 404:	a680      	tmovs	r6, #128	; 0x80
 406:	f076      	tshftls	r6, r6, #1
 408:	f603      	tshftls	r3, r0, #24
 40a:	fc1b      	tshftrs	r3, r3, #16
 40c:	a208      	tmovs	r2, #8
 40e:	8006      	tj.n	41e <crcInit+0x22>
 410:	f45b      	tshftls	r3, r3, #17
 412:	fc1b      	tshftrs	r3, r3, #16
 414:	ba01      	tsubs	r2, #1
 416:	f612      	tshftls	r2, r2, #24
 418:	fe12      	tshftrs	r2, r2, #24
 41a:	aa00      	tcmp	r2, #0
 41c:	c00b      	tjeq.n	436 <crcInit+0x3a>
 41e:	f419      	tshftls	r1, r3, #16
 420:	a900      	tcmp	r1, #0
 422:	caf5      	tjge.n	410 <crcInit+0x14>
 424:	f05b      	tshftls	r3, r3, #1
 426:	006b      	txors	r3, r5
 428:	f41b      	tshftls	r3, r3, #16
 42a:	fc1b      	tshftrs	r3, r3, #16
 42c:	ba01      	tsubs	r2, #1
 42e:	f612      	tshftls	r2, r2, #24
 430:	fe12      	tshftrs	r2, r2, #24
 432:	aa00      	tcmp	r2, #0
 434:	c1f3      	tjne.n	41e <crcInit+0x22>
 436:	2023      	tstorerh	r3, [r4, #0]
 438:	b001      	tadds	r0, #1
 43a:	b402      	tadds	r4, #2
 43c:	02b0      	tcmp	r0, r6
 43e:	c1e3      	tjne.n	408 <crcInit+0xc>
 440:	6d70      	tpop	{r4, r5, r6, pc}
 442:	46c0      	tnop			; (mov r8, r8)
 444:	0080a128 	taddeq	sl, r0, r8, lsr #2
 448:	ffff8005 	undefined instruction 0xffff8005

0000044c <crcFast>:
crcFast():
 44c:	65f0      	tpush	{r4, r5, r6, r7, lr}
 44e:	0647      	tmov	r7, r8
 450:	6480      	tpush	{r7}
 452:	068c      	tmov	ip, r1
 454:	a300      	tmovs	r3, #0
 456:	059c      	tcmp	ip, r3
 458:	cd2f      	tjle.n	4ba <crcFast+0x6e>
 45a:	a700      	tmovs	r7, #0
 45c:	0918      	tloadr	r1, [pc, #96]	; (4c0 <crcFast+0x74>)
 45e:	0b19      	tloadr	r3, [pc, #100]	; (4c4 <crcFast+0x78>)
 460:	0698      	tmov	r8, r3
 462:	a401      	tmovs	r4, #1
 464:	1dc2      	tloadrb	r2, [r0, r7]
 466:	a307      	tmovs	r3, #7
 468:	a500      	tmovs	r5, #0
 46a:	8000      	tj.n	46e <crcFast+0x22>
 46c:	f852      	tshftrs	r2, r2, #1
 46e:	0214      	tnand	r4, r2
 470:	c002      	tjeq.n	478 <crcFast+0x2c>
 472:	ec26      	tadds	r6, r4, #0
 474:	009e      	tshftls	r6, r3
 476:	0335      	tors	r5, r6
 478:	bb01      	tsubs	r3, #1
 47a:	c2f7      	tjcs.n	46c <crcFast+0x20>
 47c:	fa0b      	tshftrs	r3, r1, #8
 47e:	005d      	txors	r5, r3
 480:	f62d      	tshftls	r5, r5, #24
 482:	fded      	tshftrs	r5, r5, #23
 484:	f20a      	tshftls	r2, r1, #8
 486:	0643      	tmov	r3, r8
 488:	1b59      	tloadrh	r1, [r3, r5]
 48a:	004a      	txors	r2, r1
 48c:	f412      	tshftls	r2, r2, #16
 48e:	fc11      	tshftrs	r1, r2, #16
 490:	b701      	tadds	r7, #1
 492:	0567      	tcmp	r7, ip
 494:	c1e6      	tjne.n	464 <crcFast+0x18>
 496:	ec0a      	tadds	r2, r1, #0
 498:	a30f      	tmovs	r3, #15
 49a:	a000      	tmovs	r0, #0
 49c:	a101      	tmovs	r1, #1
 49e:	8000      	tj.n	4a2 <crcFast+0x56>
 4a0:	f852      	tshftrs	r2, r2, #1
 4a2:	0211      	tnand	r1, r2
 4a4:	c002      	tjeq.n	4ac <crcFast+0x60>
 4a6:	ec0c      	tadds	r4, r1, #0
 4a8:	009c      	tshftls	r4, r3
 4aa:	0320      	tors	r0, r4
 4ac:	bb01      	tsubs	r3, #1
 4ae:	c2f7      	tjcs.n	4a0 <crcFast+0x54>
 4b0:	f400      	tshftls	r0, r0, #16
 4b2:	fc00      	tshftrs	r0, r0, #16
 4b4:	6c04      	tpop	{r2}
 4b6:	0690      	tmov	r8, r2
 4b8:	6df0      	tpop	{r4, r5, r6, r7, pc}
 4ba:	0a01      	tloadr	r2, [pc, #4]	; (4c0 <crcFast+0x74>)
 4bc:	87ec      	tj.n	498 <crcFast+0x4c>
 4be:	46c0      	tnop			; (mov r8, r8)
 4c0:	0000ffff 	undefined instruction 0x0000ffff
 4c4:	0080a128 	taddeq	sl, r0, r8, lsr #2

000004c8 <sleep_us>:
sleep_us():
 4c8:	0a03      	tloadr	r2, [pc, #12]	; (4d8 <sleep_us+0x10>)
 4ca:	5811      	tloadr	r1, [r2, #0]
 4cc:	f100      	tshftls	r0, r0, #4
 4ce:	5813      	tloadr	r3, [r2, #0]
 4d0:	ea5b      	tsubs	r3, r3, r1
 4d2:	0298      	tcmp	r0, r3
 4d4:	c2fb      	tjcs.n	4ce <sleep_us+0x6>
 4d6:	0770      	tjex	lr
 4d8:	00800740 	taddeq	r0, r0, r0, asr #14

000004dc <analog_read>:
analog_read():
 4dc:	f600      	tshftls	r0, r0, #24
 4de:	fe00      	tshftrs	r0, r0, #24
 4e0:	0b06      	tloadr	r3, [pc, #24]	; (4fc <analog_read+0x20>)
 4e2:	4018      	tstorerb	r0, [r3, #0]
 4e4:	0906      	tloadr	r1, [pc, #24]	; (500 <analog_read+0x24>)
 4e6:	a340      	tmovs	r3, #64	; 0x40
 4e8:	400b      	tstorerb	r3, [r1, #0]
 4ea:	a201      	tmovs	r2, #1
 4ec:	480b      	tloadrb	r3, [r1, #0]
 4ee:	0013      	tands	r3, r2
 4f0:	c1fc      	tjne.n	4ec <analog_read+0x10>
 4f2:	0a04      	tloadr	r2, [pc, #16]	; (504 <analog_read+0x28>)
 4f4:	4810      	tloadrb	r0, [r2, #0]
 4f6:	b201      	tadds	r2, #1
 4f8:	4013      	tstorerb	r3, [r2, #0]
 4fa:	0770      	tjex	lr
 4fc:	008000b8 	tstorerheq	r0, [r0], r8
 500:	008000ba 	tstorerheq	r0, [r0], sl
 504:	008000b9 	tstorerheq	r0, [r0], r9

00000508 <analog_write>:
analog_write():
 508:	f600      	tshftls	r0, r0, #24
 50a:	fe00      	tshftrs	r0, r0, #24
 50c:	f609      	tshftls	r1, r1, #24
 50e:	fe09      	tshftrs	r1, r1, #24
 510:	0b06      	tloadr	r3, [pc, #24]	; (52c <analog_write+0x24>)
 512:	4018      	tstorerb	r0, [r3, #0]
 514:	b301      	tadds	r3, #1
 516:	4019      	tstorerb	r1, [r3, #0]
 518:	0905      	tloadr	r1, [pc, #20]	; (530 <analog_write+0x28>)
 51a:	a360      	tmovs	r3, #96	; 0x60
 51c:	400b      	tstorerb	r3, [r1, #0]
 51e:	a201      	tmovs	r2, #1
 520:	480b      	tloadrb	r3, [r1, #0]
 522:	0013      	tands	r3, r2
 524:	c1fc      	tjne.n	520 <analog_write+0x18>
 526:	0a02      	tloadr	r2, [pc, #8]	; (530 <analog_write+0x28>)
 528:	4013      	tstorerb	r3, [r2, #0]
 52a:	0770      	tjex	lr
 52c:	008000b8 	tstorerheq	r0, [r0], r8
 530:	008000ba 	tstorerheq	r0, [r0], sl

00000534 <flash_send_addr>:
flash_send_addr():
 534:	f202      	tshftls	r2, r0, #8
 536:	fe12      	tshftrs	r2, r2, #24
 538:	0b0c      	tloadr	r3, [pc, #48]	; (56c <flash_send_addr+0x38>)
 53a:	401a      	tstorerb	r2, [r3, #0]
 53c:	090c      	tloadr	r1, [pc, #48]	; (570 <flash_send_addr+0x3c>)
 53e:	a210      	tmovs	r2, #16
 540:	480b      	tloadrb	r3, [r1, #0]
 542:	021a      	tnand	r2, r3
 544:	c1fc      	tjne.n	540 <flash_send_addr+0xc>
 546:	f402      	tshftls	r2, r0, #16
 548:	fe12      	tshftrs	r2, r2, #24
 54a:	0b08      	tloadr	r3, [pc, #32]	; (56c <flash_send_addr+0x38>)
 54c:	401a      	tstorerb	r2, [r3, #0]
 54e:	0908      	tloadr	r1, [pc, #32]	; (570 <flash_send_addr+0x3c>)
 550:	a210      	tmovs	r2, #16
 552:	480b      	tloadrb	r3, [r1, #0]
 554:	021a      	tnand	r2, r3
 556:	c1fc      	tjne.n	552 <flash_send_addr+0x1e>
 558:	f600      	tshftls	r0, r0, #24
 55a:	fe00      	tshftrs	r0, r0, #24
 55c:	0b03      	tloadr	r3, [pc, #12]	; (56c <flash_send_addr+0x38>)
 55e:	4018      	tstorerb	r0, [r3, #0]
 560:	0903      	tloadr	r1, [pc, #12]	; (570 <flash_send_addr+0x3c>)
 562:	a210      	tmovs	r2, #16
 564:	480b      	tloadrb	r3, [r1, #0]
 566:	021a      	tnand	r2, r3
 568:	c1fc      	tjne.n	564 <flash_send_addr+0x30>
 56a:	0770      	tjex	lr
 56c:	0080000c 	taddeq	r0, r0, ip
 570:	0080000d 	taddeq	r0, r0, sp

00000574 <flash_send_cmd>:
flash_send_cmd():
 574:	6530      	tpush	{r4, r5, lr}
 576:	ec05      	tadds	r5, r0, #0
 578:	0c07      	tloadr	r4, [pc, #28]	; (598 <flash_send_cmd+0x24>)
 57a:	a301      	tmovs	r3, #1
 57c:	4023      	tstorerb	r3, [r4, #0]
 57e:	a001      	tmovs	r0, #1
 580:	97ff 9fa2 	tjl	4c8 <sleep_us>
 584:	a300      	tmovs	r3, #0
 586:	4023      	tstorerb	r3, [r4, #0]
 588:	0b04      	tloadr	r3, [pc, #16]	; (59c <flash_send_cmd+0x28>)
 58a:	401d      	tstorerb	r5, [r3, #0]
 58c:	a210      	tmovs	r2, #16
 58e:	4823      	tloadrb	r3, [r4, #0]
 590:	021a      	tnand	r2, r3
 592:	c1fc      	tjne.n	58e <flash_send_cmd+0x1a>
 594:	6d30      	tpop	{r4, r5, pc}
 596:	46c0      	tnop			; (mov r8, r8)
 598:	0080000d 	taddeq	r0, r0, sp
 59c:	0080000c 	taddeq	r0, r0, ip

000005a0 <flash_wait_done>:
flash_wait_done():
 5a0:	6570      	tpush	{r4, r5, r6, lr}
 5a2:	a064      	tmovs	r0, #100	; 0x64
 5a4:	97ff 9f90 	tjl	4c8 <sleep_us>
 5a8:	a005      	tmovs	r0, #5
 5aa:	97ff 9fe3 	tjl	574 <flash_send_cmd>
 5ae:	080a      	tloadr	r0, [pc, #40]	; (5d8 <flash_wait_done+0x38>)
 5b0:	0c0a      	tloadr	r4, [pc, #40]	; (5dc <flash_wait_done+0x3c>)
 5b2:	a600      	tmovs	r6, #0
 5b4:	090a      	tloadr	r1, [pc, #40]	; (5e0 <flash_wait_done+0x40>)
 5b6:	a210      	tmovs	r2, #16
 5b8:	a501      	tmovs	r5, #1
 5ba:	4026      	tstorerb	r6, [r4, #0]
 5bc:	480b      	tloadrb	r3, [r1, #0]
 5be:	021a      	tnand	r2, r3
 5c0:	c1fc      	tjne.n	5bc <flash_wait_done+0x1c>
 5c2:	4823      	tloadrb	r3, [r4, #0]
 5c4:	021d      	tnand	r5, r3
 5c6:	c002      	tjeq.n	5ce <flash_wait_done+0x2e>
 5c8:	b801      	tsubs	r0, #1
 5ca:	a800      	tcmp	r0, #0
 5cc:	c1f5      	tjne.n	5ba <flash_wait_done+0x1a>
 5ce:	a201      	tmovs	r2, #1
 5d0:	0b03      	tloadr	r3, [pc, #12]	; (5e0 <flash_wait_done+0x40>)
 5d2:	401a      	tstorerb	r2, [r3, #0]
 5d4:	6d70      	tpop	{r4, r5, r6, pc}
 5d6:	46c0      	tnop			; (mov r8, r8)
 5d8:	00989680 	taddseq	r9, r8, r0, lsl #13
 5dc:	0080000c 	taddeq	r0, r0, ip
 5e0:	0080000d 	taddeq	r0, r0, sp

000005e4 <flash_erase_all>:
flash_erase_all():
 5e4:	6500      	tpush	{lr}
 5e6:	a208      	tmovs	r2, #8
 5e8:	0b06      	tloadr	r3, [pc, #24]	; (604 <flash_erase_all+0x20>)
 5ea:	401a      	tstorerb	r2, [r3, #0]
 5ec:	a006      	tmovs	r0, #6
 5ee:	97ff 9fc1 	tjl	574 <flash_send_cmd>
 5f2:	a060      	tmovs	r0, #96	; 0x60
 5f4:	97ff 9fbe 	tjl	574 <flash_send_cmd>
 5f8:	a201      	tmovs	r2, #1
 5fa:	0b03      	tloadr	r3, [pc, #12]	; (608 <flash_erase_all+0x24>)
 5fc:	401a      	tstorerb	r2, [r3, #0]
 5fe:	97ff 9fcf 	tjl	5a0 <flash_wait_done>
 602:	6d00      	tpop	{pc}
 604:	00800623 	taddeq	r0, r0, r3, lsr #12
 608:	0080000d 	taddeq	r0, r0, sp

0000060c <flash_erase_sector>:
flash_erase_sector():
 60c:	6510      	tpush	{r4, lr}
 60e:	ec04      	tadds	r4, r0, #0
 610:	a208      	tmovs	r2, #8
 612:	0b08      	tloadr	r3, [pc, #32]	; (634 <flash_erase_sector+0x28>)
 614:	401a      	tstorerb	r2, [r3, #0]
 616:	a006      	tmovs	r0, #6
 618:	97ff 9fac 	tjl	574 <flash_send_cmd>
 61c:	a020      	tmovs	r0, #32
 61e:	97ff 9fa9 	tjl	574 <flash_send_cmd>
 622:	ec20      	tadds	r0, r4, #0
 624:	97ff 9f86 	tjl	534 <flash_send_addr>
 628:	a201      	tmovs	r2, #1
 62a:	0b03      	tloadr	r3, [pc, #12]	; (638 <flash_erase_sector+0x2c>)
 62c:	401a      	tstorerb	r2, [r3, #0]
 62e:	97ff 9fb7 	tjl	5a0 <flash_wait_done>
 632:	6d10      	tpop	{r4, pc}
 634:	00800623 	taddeq	r0, r0, r3, lsr #12
 638:	0080000d 	taddeq	r0, r0, sp

0000063c <flash_write_page>:
flash_write_page():
 63c:	6570      	tpush	{r4, r5, r6, lr}
 63e:	ec06      	tadds	r6, r0, #0
 640:	ec0c      	tadds	r4, r1, #0
 642:	ec15      	tadds	r5, r2, #0
 644:	a006      	tmovs	r0, #6
 646:	97ff 9f95 	tjl	574 <flash_send_cmd>
 64a:	a002      	tmovs	r0, #2
 64c:	97ff 9f92 	tjl	574 <flash_send_cmd>
 650:	ec30      	tadds	r0, r6, #0
 652:	97ff 9f6f 	tjl	534 <flash_send_addr>
 656:	ac00      	tcmp	r4, #0
 658:	c00b      	tjeq.n	672 <flash_write_page+0x36>
 65a:	a000      	tmovs	r0, #0
 65c:	0e08      	tloadr	r6, [pc, #32]	; (680 <flash_write_page+0x44>)
 65e:	0909      	tloadr	r1, [pc, #36]	; (684 <flash_write_page+0x48>)
 660:	a210      	tmovs	r2, #16
 662:	1c2b      	tloadrb	r3, [r5, r0]
 664:	4033      	tstorerb	r3, [r6, #0]
 666:	480b      	tloadrb	r3, [r1, #0]
 668:	021a      	tnand	r2, r3
 66a:	c1fc      	tjne.n	666 <flash_write_page+0x2a>
 66c:	b001      	tadds	r0, #1
 66e:	0284      	tcmp	r4, r0
 670:	c8f7      	tjhi.n	662 <flash_write_page+0x26>
 672:	a201      	tmovs	r2, #1
 674:	0b03      	tloadr	r3, [pc, #12]	; (684 <flash_write_page+0x48>)
 676:	401a      	tstorerb	r2, [r3, #0]
 678:	97ff 9f92 	tjl	5a0 <flash_wait_done>
 67c:	6d70      	tpop	{r4, r5, r6, pc}
 67e:	46c0      	tnop			; (mov r8, r8)
 680:	0080000c 	taddeq	r0, r0, ip
 684:	0080000d 	taddeq	r0, r0, sp

00000688 <flash_read_page>:
flash_read_page():
 688:	6570      	tpush	{r4, r5, r6, lr}
 68a:	ec06      	tadds	r6, r0, #0
 68c:	ec0c      	tadds	r4, r1, #0
 68e:	ec15      	tadds	r5, r2, #0
 690:	a003      	tmovs	r0, #3
 692:	97ff 9f6f 	tjl	574 <flash_send_cmd>
 696:	ec30      	tadds	r0, r6, #0
 698:	97ff 9f4c 	tjl	534 <flash_send_addr>
 69c:	a200      	tmovs	r2, #0
 69e:	0b10      	tloadr	r3, [pc, #64]	; (6e0 <flash_read_page+0x58>)
 6a0:	401a      	tstorerb	r2, [r3, #0]
 6a2:	0810      	tloadr	r0, [pc, #64]	; (6e4 <flash_read_page+0x5c>)
 6a4:	a110      	tmovs	r1, #16
 6a6:	0a0f      	tloadr	r2, [pc, #60]	; (6e4 <flash_read_page+0x5c>)
 6a8:	4803      	tloadrb	r3, [r0, #0]
 6aa:	0219      	tnand	r1, r3
 6ac:	c1fb      	tjne.n	6a6 <flash_read_page+0x1e>
 6ae:	a30a      	tmovs	r3, #10
 6b0:	4013      	tstorerb	r3, [r2, #0]
 6b2:	a110      	tmovs	r1, #16
 6b4:	4813      	tloadrb	r3, [r2, #0]
 6b6:	0219      	tnand	r1, r3
 6b8:	c1fc      	tjne.n	6b4 <flash_read_page+0x2c>
 6ba:	ac00      	tcmp	r4, #0
 6bc:	c00b      	tjeq.n	6d6 <flash_read_page+0x4e>
 6be:	a000      	tmovs	r0, #0
 6c0:	0e07      	tloadr	r6, [pc, #28]	; (6e0 <flash_read_page+0x58>)
 6c2:	0908      	tloadr	r1, [pc, #32]	; (6e4 <flash_read_page+0x5c>)
 6c4:	a210      	tmovs	r2, #16
 6c6:	4833      	tloadrb	r3, [r6, #0]
 6c8:	142b      	tstorerb	r3, [r5, r0]
 6ca:	480b      	tloadrb	r3, [r1, #0]
 6cc:	021a      	tnand	r2, r3
 6ce:	c1fc      	tjne.n	6ca <flash_read_page+0x42>
 6d0:	b001      	tadds	r0, #1
 6d2:	0284      	tcmp	r4, r0
 6d4:	c8f7      	tjhi.n	6c6 <flash_read_page+0x3e>
 6d6:	a201      	tmovs	r2, #1
 6d8:	0b02      	tloadr	r3, [pc, #8]	; (6e4 <flash_read_page+0x5c>)
 6da:	401a      	tstorerb	r2, [r3, #0]
 6dc:	6d70      	tpop	{r4, r5, r6, pc}
 6de:	46c0      	tnop			; (mov r8, r8)
 6e0:	0080000c 	taddeq	r0, r0, ip
 6e4:	0080000d 	taddeq	r0, r0, sp

000006e8 <flash_get_jedec_id>:
flash_get_jedec_id():
 6e8:	6510      	tpush	{r4, lr}
 6ea:	ec04      	tadds	r4, r0, #0
 6ec:	a09f      	tmovs	r0, #159	; 0x9f
 6ee:	97ff 9f41 	tjl	574 <flash_send_cmd>
 6f2:	a200      	tmovs	r2, #0
 6f4:	0b10      	tloadr	r3, [pc, #64]	; (738 <flash_get_jedec_id+0x50>)
 6f6:	401a      	tstorerb	r2, [r3, #0]
 6f8:	0910      	tloadr	r1, [pc, #64]	; (73c <flash_get_jedec_id+0x54>)
 6fa:	a210      	tmovs	r2, #16
 6fc:	480b      	tloadrb	r3, [r1, #0]
 6fe:	0013      	tands	r3, r2
 700:	c1fc      	tjne.n	6fc <flash_get_jedec_id+0x14>
 702:	0a0d      	tloadr	r2, [pc, #52]	; (738 <flash_get_jedec_id+0x50>)
 704:	4811      	tloadrb	r1, [r2, #0]
 706:	4021      	tstorerb	r1, [r4, #0]
 708:	ec60      	tadds	r0, r4, #1
 70a:	4013      	tstorerb	r3, [r2, #0]
 70c:	090b      	tloadr	r1, [pc, #44]	; (73c <flash_get_jedec_id+0x54>)
 70e:	a210      	tmovs	r2, #16
 710:	480b      	tloadrb	r3, [r1, #0]
 712:	0013      	tands	r3, r2
 714:	c1fc      	tjne.n	710 <flash_get_jedec_id+0x28>
 716:	0a08      	tloadr	r2, [pc, #32]	; (738 <flash_get_jedec_id+0x50>)
 718:	4811      	tloadrb	r1, [r2, #0]
 71a:	4061      	tstorerb	r1, [r4, #1]
 71c:	4013      	tstorerb	r3, [r2, #0]
 71e:	0907      	tloadr	r1, [pc, #28]	; (73c <flash_get_jedec_id+0x54>)
 720:	a210      	tmovs	r2, #16
 722:	480b      	tloadrb	r3, [r1, #0]
 724:	021a      	tnand	r2, r3
 726:	c1fc      	tjne.n	722 <flash_get_jedec_id+0x3a>
 728:	0b03      	tloadr	r3, [pc, #12]	; (738 <flash_get_jedec_id+0x50>)
 72a:	481b      	tloadrb	r3, [r3, #0]
 72c:	4043      	tstorerb	r3, [r0, #1]
 72e:	a201      	tmovs	r2, #1
 730:	0b02      	tloadr	r3, [pc, #8]	; (73c <flash_get_jedec_id+0x54>)
 732:	401a      	tstorerb	r2, [r3, #0]
 734:	6d10      	tpop	{r4, pc}
 736:	46c0      	tnop			; (mov r8, r8)
 738:	0080000c 	taddeq	r0, r0, ip
 73c:	0080000d 	taddeq	r0, r0, sp

Disassembly of section .rodata:

00000740 <_end_data_-0x8090c0>:
 740:	0000036c 	tandeq	r0, r0, ip, ror #6
 744:	0000033a 	tandeq	r0, r0, sl, lsr r3
 748:	00000316 	tandeq	r0, r0, r6, lsl r3
 74c:	0000030a 	tandeq	r0, r0, sl, lsl #6
 750:	000002f8 	undefined instruction 0x000002f8
 754:	00000382 	tandeq	r0, r0, r2, lsl #7

Disassembly of section .bss:

00809800 <_start_bss_>:
	...

00809900 <MCU_PROD_ID>:
_start_bss_():
  809900:	00000000 	tandeq	r0, r0, r0

00809904 <utxb>:
	...

00809d14 <MCU_PROD__ID>:
  809d14:	00000000 	tandeq	r0, r0, r0

00809d18 <urxb>:
	...

0080a128 <crcTable>:
	...

Disassembly of section .comment:

00000000 <.comment>:
   0:	3a434347 	tjcc	10d0d24 <_end_bss_+0x8c69fc>
   4:	4e472820 	undefined instruction 0x4e472820
   8:	34202955 	tstorertcc	r2, [r0], #-2389	; 0x955
   c:	312e352e 	teqcc	lr, lr, lsr #10
  10:	3363742d 	tcmpncc	r3, #754974720	; 0x2d000000
  14:	2e312d32 	undefined instruction 0x2e312d32
  18:	Address 0x00000018 is out of bounds.


Disassembly of section .TC32.attributes:

00000000 <.TC32.attributes>:
   0:	00000f41 	tandeq	r0, r0, r1, asr #30
   4:	61656100 	tcmpnvs	r5, r0, lsl #2
   8:	01006962 	tnandeq	r0, r2, ror #18
   c:	00000005 	tandeq	r0, r0, r5
